已从 config.py 加载默认配置
性能优化模块不可用，将使用标准处理
python : Traceback (most recent call last):
所在位置 行:1 字符: 1
+ python run_single_analysis_600273.py > test_output.txt 2>&1; Get-Cont ...
+ ~~~~~~~~~~~~~~~~~~~~~~~~~~~~~~~~~~~~~~~~~~~~~~~~~~~~~~~~~~~
    + CategoryInfo          : NotSpecified: (Traceback (most recent call last)::String) [], RemoteException
    + FullyQualifiedErrorId : NativeCommandError
 
  File "D:\TradingAgents\run_single_analysis_600273.py", line 1, in <module>
    from a_share_gui_compatible import AShareAnalyzerGUI
  File "D:\TradingAgents\a_share_gui_compatible.py", line 121, in <module>
    from chip_health_analyzer import ChipHealthAnalyzer
  File "D:\TradingAgents\chip_health_analyzer.py", line 30, in <module>
    print("\u2713 akshare库加载成功")
UnicodeEncodeError: 'gbk' codec can't encode character '\u2713' in position 0: illegal multibyte sequence
